2026-09-15 22:41:21 | INFO     | core.events.event_bus:subscribe:19 - Subscribed to event: session_booked
2026-09-15 22:41:21 | INFO     | core.events.event_bus:subscribe:19 - Subscribed to event: payment_completed
2026-09-15 22:41:21 | INFO     | core.events.event_bus:subscribe:19 - Subscribed to event: mentor_verified
2026-09-15 22:48:52 | INFO     | core.events.event_bus:subscribe:19 - Subscribed to event: session_booked
2026-09-15 22:48:52 | INFO     | core.events.event_bus:subscribe:19 - Subscribed to event: payment_completed
2026-09-15 22:48:52 | INFO     | core.events.event_bus:subscribe:19 - Subscribed to event: mentor_verified
<<<<<<< HEAD
2026-09-21 19:48:04 | INFO     | main:lifespan:33 - Starting Skillora API
2026-09-21 19:48:05 | INFO     | main:lifespan:38 - Database initialized
2026-09-21 19:48:06 | INFO     | main:lifespan:42 - Redis connected
2026-09-21 19:48:06 | INFO     | core.middleware.request_logger:dispatch:18 - Request: POST /api/auth/register | Client: testclient
2026-09-21 19:48:06 | INFO     | core.middleware.request_logger:dispatch:30 - Response: 201 | Path: /api/auth/register | Process time: 0.330s
2026-09-21 19:48:06 | INFO     | core.middleware.request_logger:dispatch:18 - Request: POST /api/auth/login | Client: testclient
2026-09-21 19:48:07 | INFO     | core.middleware.request_logger:dispatch:30 - Response: 200 | Path: /api/auth/login | Process time: 0.383s
2026-09-21 19:48:07 | INFO     | main:lifespan:51 - Shutting down Skillora API
2026-09-21 19:48:07 | INFO     | main:lifespan:56 - Redis disconnected
2026-09-21 19:48:07 | INFO     | main:lifespan:60 - Database closed
2026-09-21 19:49:00 | INFO     | main:lifespan:33 - Starting Skillora API
2026-09-21 19:49:00 | INFO     | main:lifespan:38 - Database initialized
2026-09-21 19:49:01 | INFO     | main:lifespan:42 - Redis connected
2026-09-21 19:49:01 | INFO     | core.middleware.request_logger:dispatch:18 - Request: POST /api/auth/register | Client: testclient
2026-09-21 19:49:02 | INFO     | core.middleware.request_logger:dispatch:30 - Response: 201 | Path: /api/auth/register | Process time: 0.299s
2026-09-21 19:49:02 | INFO     | core.middleware.request_logger:dispatch:18 - Request: POST /api/auth/login | Client: testclient
2026-09-21 19:49:02 | INFO     | core.middleware.request_logger:dispatch:30 - Response: 200 | Path: /api/auth/login | Process time: 0.239s
2026-09-21 19:49:02 | INFO     | main:lifespan:51 - Shutting down Skillora API
2026-09-21 19:49:02 | INFO     | main:lifespan:56 - Redis disconnected
2026-09-21 19:49:02 | INFO     | main:lifespan:60 - Database closed
2026-09-21 19:52:53 | INFO     | main:lifespan:33 - Starting Skillora API
2026-09-21 19:52:53 | INFO     | main:lifespan:38 - Database initialized
2026-09-21 19:52:54 | INFO     | main:lifespan:42 - Redis connected
2026-09-21 19:52:54 | INFO     | core.middleware.request_logger:dispatch:18 - Request: OPTIONS /api/auth/register | Client: testclient
2026-09-21 19:52:54 | INFO     | core.middleware.request_logger:dispatch:30 - Response: 400 | Path: /api/auth/register | Process time: 0.001s
2026-09-21 19:52:54 | INFO     | main:lifespan:51 - Shutting down Skillora API
2026-09-21 19:52:54 | INFO     | main:lifespan:56 - Redis disconnected
2026-09-21 19:52:54 | INFO     | main:lifespan:60 - Database closed
2026-09-21 19:53:49 | INFO     | main:lifespan:33 - Starting Skillora API
2026-09-21 19:53:49 | INFO     | main:lifespan:38 - Database initialized
2026-09-21 19:53:50 | INFO     | main:lifespan:42 - Redis connected
2026-09-21 19:53:50 | INFO     | core.middleware.request_logger:dispatch:18 - Request: OPTIONS /api/auth/register | Client: testclient
2026-09-21 19:53:50 | INFO     | core.middleware.request_logger:dispatch:30 - Response: 200 | Path: /api/auth/register | Process time: 0.001s
2026-09-21 19:53:50 | INFO     | main:lifespan:51 - Shutting down Skillora API
2026-09-21 19:53:50 | INFO     | main:lifespan:56 - Redis disconnected
2026-09-21 19:53:50 | INFO     | main:lifespan:60 - Database closed
2026-09-21 19:54:28 | INFO     | main:lifespan:33 - Starting Skillora API
2026-09-21 19:54:28 | INFO     | main:lifespan:38 - Database initialized
2026-09-21 19:54:29 | INFO     | main:lifespan:42 - Redis connected
2026-09-21 19:54:29 | INFO     | core.middleware.request_logger:dispatch:18 - Request: POST /api/auth/register | Client: testclient
2026-09-21 19:54:29 | INFO     | core.middleware.request_logger:dispatch:30 - Response: 201 | Path: /api/auth/register | Process time: 0.319s
2026-09-21 19:54:29 | INFO     | core.middleware.request_logger:dispatch:18 - Request: POST /api/auth/login | Client: testclient
2026-09-21 19:54:30 | INFO     | core.middleware.request_logger:dispatch:30 - Response: 200 | Path: /api/auth/login | Process time: 0.343s
2026-09-21 19:54:30 | INFO     | main:lifespan:51 - Shutting down Skillora API
2026-09-21 19:54:30 | INFO     | main:lifespan:56 - Redis disconnected
2026-09-21 19:54:30 | INFO     | main:lifespan:60 - Database closed
2026-09-21 19:54:53 | INFO     | main:lifespan:33 - Starting Skillora API
2026-09-21 19:54:53 | INFO     | main:lifespan:38 - Database initialized
2026-09-21 19:54:54 | INFO     | main:lifespan:42 - Redis connected
2026-09-21 19:54:54 | INFO     | core.middleware.request_logger:dispatch:18 - Request: POST /api/auth/register | Client: testclient
2026-09-21 19:54:55 | INFO     | core.middleware.request_logger:dispatch:30 - Response: 201 | Path: /api/auth/register | Process time: 0.273s
2026-09-21 19:54:55 | INFO     | main:lifespan:51 - Shutting down Skillora API
2026-09-21 19:54:55 | INFO     | main:lifespan:56 - Redis disconnected
2026-09-21 19:54:55 | INFO     | main:lifespan:60 - Database closed
2026-09-21 20:05:40 | INFO     | main:lifespan:33 - Starting Skillora API
2026-09-21 20:05:40 | INFO     | main:lifespan:38 - Database initialized
2026-09-21 20:05:41 | INFO     | main:lifespan:42 - Redis connected
2026-09-21 20:07:20 | INFO     | main:lifespan:33 - Starting Skillora API
2026-09-21 20:07:20 | INFO     | main:lifespan:38 - Database initialized
2026-09-21 20:07:21 | INFO     | main:lifespan:42 - Redis connected
2026-09-21 20:07:21 | INFO     | core.middleware.request_logger:dispatch:18 - Request: POST /api/auth/register | Client: testclient
2026-09-21 20:07:21 | INFO     | core.middleware.request_logger:dispatch:30 - Response: 201 | Path: /api/auth/register | Process time: 0.452s
2026-09-21 20:07:21 | INFO     | core.middleware.request_logger:dispatch:18 - Request: POST /api/auth/forgot-password | Client: testclient
2026-09-21 20:07:21 | INFO     | core.middleware.request_logger:dispatch:30 - Response: 200 | Path: /api/auth/forgot-password | Process time: 0.018s
2026-09-21 20:07:21 | INFO     | core.middleware.request_logger:dispatch:18 - Request: POST /api/auth/forgot-password/verify | Client: testclient
2026-09-21 20:07:21 | INFO     | core.middleware.request_logger:dispatch:30 - Response: 400 | Path: /api/auth/forgot-password/verify | Process time: 0.007s
2026-09-21 20:07:21 | INFO     | core.middleware.request_logger:dispatch:18 - Request: POST /api/auth/forgot-password/verify | Client: testclient
2026-09-21 20:07:21 | INFO     | core.middleware.request_logger:dispatch:30 - Response: 200 | Path: /api/auth/forgot-password/verify | Process time: 0.004s
2026-09-21 20:07:21 | INFO     | core.middleware.request_logger:dispatch:18 - Request: POST /api/auth/forgot-password/reset | Client: testclient
2026-09-21 20:07:22 | INFO     | core.middleware.request_logger:dispatch:30 - Response: 200 | Path: /api/auth/forgot-password/reset | Process time: 0.471s
2026-09-21 20:07:22 | INFO     | core.middleware.request_logger:dispatch:18 - Request: POST /api/auth/login | Client: testclient
2026-09-21 20:07:22 | INFO     | core.middleware.request_logger:dispatch:30 - Response: 200 | Path: /api/auth/login | Process time: 0.454s
2026-09-21 20:07:22 | INFO     | main:lifespan:51 - Shutting down Skillora API
2026-09-21 20:07:22 | INFO     | main:lifespan:56 - Redis disconnected
2026-09-21 20:07:22 | INFO     | main:lifespan:60 - Database closed
2026-09-21 20:08:08 | INFO     | main:lifespan:33 - Starting Skillora API
2026-09-21 20:08:08 | INFO     | main:lifespan:38 - Database initialized
2026-09-21 20:08:09 | INFO     | main:lifespan:42 - Redis connected
2026-09-21 20:08:09 | INFO     | core.middleware.request_logger:dispatch:18 - Request: POST /api/auth/register | Client: testclient
2026-09-21 20:08:09 | INFO     | core.middleware.request_logger:dispatch:30 - Response: 201 | Path: /api/auth/register | Process time: 0.304s
2026-09-21 20:08:09 | INFO     | core.middleware.request_logger:dispatch:18 - Request: POST /api/auth/login | Client: testclient
2026-09-21 20:08:10 | INFO     | core.middleware.request_logger:dispatch:30 - Response: 200 | Path: /api/auth/login | Process time: 0.253s
2026-09-21 20:08:10 | INFO     | main:lifespan:51 - Shutting down Skillora API
2026-09-21 20:08:10 | INFO     | main:lifespan:56 - Redis disconnected
2026-09-21 20:08:10 | INFO     | main:lifespan:60 - Database closed
2026-09-21 20:08:32 | INFO     | core.middleware.request_logger:dispatch:18 - Request: OPTIONS /api/notifications/ | Client: 127.0.0.1
2026-09-21 20:08:32 | INFO     | core.middleware.request_logger:dispatch:30 - Response: 200 | Path: /api/notifications/ | Process time: 0.028s
2026-09-21 20:08:32 | INFO     | core.middleware.request_logger:dispatch:18 - Request: GET /api/notifications/ | Client: 127.0.0.1
2026-09-21 20:08:32 | ERROR    | core.middleware.request_logger:dispatch:40 - Error processing request: (builtins.AttributeError) 'str' object has no attribute 'hex'
[SQL: SELECT notifications.id, notifications.user_id, notifications.title, notifications.message, notifications.notification_type, notifications.is_read, notifications.read_at, notifications.related_id, notifications.created_at 
FROM notifications 
WHERE notifications.user_id = ? AND notifications.is_read = 0 ORDER BY notifications.created_at DESC
 LIMIT ? OFFSET ?]
[parameters: [{}]]
2026-09-21 20:08:32 | ERROR    | main:general_exception_handler:130 - Unhandled exception: (builtins.AttributeError) 'str' object has no attribute 'hex'
[SQL: SELECT notifications.id, notifications.user_id, notifications.title, notifications.message, notifications.notification_type, notifications.is_read, notifications.read_at, notifications.related_id, notifications.created_at 
FROM notifications 
WHERE notifications.user_id = ? AND notifications.is_read = 0 ORDER BY notifications.created_at DESC
 LIMIT ? OFFSET ?]
[parameters: [{}]]
2026-09-21 20:08:50 | INFO     | core.middleware.request_logger:dispatch:18 - Request: GET /openapi.json | Client: 127.0.0.1
2026-09-21 20:08:50 | INFO     | core.middleware.request_logger:dispatch:30 - Response: 200 | Path: /openapi.json | Process time: 0.030s
=======
>>>>>>> 80490f70230c4eaef040f55c7d022a67369fb3e4
